navigateur : /opt/pw-browsers/chromium (chrome-for-testing)
rendu Remotion (Main, tentative 1/2) : npx remotion render src/index.ts Main /home/user/labo/runs/2026-10-01_claire-minoxidil-arret_full-broll/out/final_9x16.raw.mp4 --props=/home/user/labo/skills/creation-full-b-roll-artiste/assets/remotion/public/render/props.json --codec=h264 --crf=18 --concurrency=2 --log=warn --timeout=120000 --offthreadvideo-cache-size-in-bytes=536870912 --browser-executable=/opt/pw-browsers/chromium --chrome-mode=chrome-for-testing
Detected differing memory amounts:
Memory reported by CGroup: 8796093020186.34 MB
Memory reported by /proc/meminfo: 15287.78 MB
Memory reported by Node: 15287.78 MB
You might have inadvertently set the --memory flag of `docker run` to a value that is higher than the global Docker memory limit.
Using the lower amount of memory for calculation.
Bundling 6%
Bundling 23%
Bundling 54%
Bundling 65%
Bundling 71%
Bundling 76%
Bundling 81%
Bundling 87%
Bundling 92%
Bundling 98%
Bundling 100%
Getting composition
Detected differing memory amounts:
Memory reported by CGroup: 8796093019685.76 MB
Memory reported by /proc/meminfo: 14795.27 MB
Memory reported by Node: 14795.27 MB
You might have inadvertently set the --memory flag of `docker run` to a value that is higher than the global Docker memory limit.
Using the lower amount of memory for calculation.
Detected differing memory amounts:
Memory reported by CGroup: 8796093019701.18 MB
Memory reported by /proc/meminfo: 14780.09 MB
Memory reported by Node: 14780.09 MB
You might have inadvertently set the --memory flag of `docker run` to a value that is higher than the global Docker memory limit.
Using the lower amount of memory for calculation.
Rendered 0/2387
Detected differing memory amounts:
Memory reported by CGroup: 8796093019668.30 MB
Memory reported by /proc/meminfo: 14741.09 MB
Memory reported by Node: 14741.09 MB
You might have inadvertently set the --memory flag of `docker run` to a value that is higher than the global Docker memory limit.
Using the lower amount of memory for calculation.
Detected differing memory amounts:
Memory reported by CGroup: 8796093019652.77 MB
Memory reported by /proc/meminfo: 14734.54 MB
Memory reported by Node: 14734.54 MB
You might have inadvertently set the --memory flag of `docker run` to a value that is higher than the global Docker memory limit.
Using the lower amount of memory for calculation.
Rendered 1/2387, time remaining: 54m 16s
Rendered 2/2387, time remaining: 27m 10s
Rendered 3/2387, time remaining: 25m 59s
Rendered 4/2387, time remaining: 19m 49s
Rendered 5/2387, time remaining: 20m 40s
Rendered 6/2387, time remaining: 19m 2s
Rendered 7/2387, time remaining: 18m 12s
Rendered 8/2387, time remaining: 16m 10s
Rendered 9/2387, time remaining: 15m 33s
Rendered 10/2387, time remaining: 14m 45s
Rendered 11/2387, time remaining: 14m 11s
Rendered 12/2387, time remaining: 13m 44s
Rendered 13/2387, time remaining: 13m 19s
Rendered 14/2387, time remaining: 13m 9s
Rendered 15/2387, time remaining: 12m 26s
Rendered 16/2387, time remaining: 12m 40s
Rendered 17/2387, time remaining: 13m 27s
Rendered 18/2387, time remaining: 13m 17s
Rendered 19/2387, time remaining: 13m 13s
Rendered 20/2387, time remaining: 12m 33s
Rendered 21/2387, time remaining: 12m 45s
Rendered 22/2387, time remaining: 12m 10s
Rendered 23/2387, time remaining: 12m 20s
Rendered 24/2387, time remaining: 11m 49s
Rendered 25/2387, time remaining: 12m 2s
Rendered 26/2387, time remaining: 11m 54s
Rendered 27/2387, time remaining: 11m 47s
Rendered 27/2387, time remaining: 11m 47s
Rendered 28/2387, time remaining: 11m 43s
Rendered 28/2387, time remaining: 11m 43s
Rendered 28/2387, time remaining: 11m 43s
Rendered 29/2387, time remaining: 12m 48s
Rendered 30/2387, time remaining: 12m 22s
Rendered 30/2387, time remaining: 12m 22s
Rendered 31/2387, time remaining: 12m 29s
Rendered 32/2387, time remaining: 12m 20s
Rendered 32/2387, time remaining: 12m 20s
Rendered 33/2387, time remaining: 12m 9s
Rendered 34/2387, time remaining: 12m 16s
Rendered 34/2387, time remaining: 12m 16s
Rendered 35/2387, time remaining: 12m 24s
Rendered 35/2387, time remaining: 12m 24s
Rendered 36/2387, time remaining: 12m 21s
Rendered 37/2387, time remaining: 12m 10s
Rendered 37/2387, time remaining: 12m 10s
Rendered 38/2387, time remaining: 12m 2s
Rendered 39/2387, time remaining: 11m 58s
Rendered 39/2387, time remaining: 11m 58s
Rendered 40/2387, time remaining: 11m 55s
Rendered 41/2387, time remaining: 11m 46s
Rendered 42/2387, time remaining: 11m 43s
Rendered 42/2387, time remaining: 11m 43s
Rendered 43/2387, time remaining: 11m 41s
Rendered 44/2387, time remaining: 11m 33s
Rendered 44/2387, time remaining: 11m 33s
Rendered 45/2387, time remaining: 11m 39s
Rendered 46/2387, time remaining: 11m 26s
Rendered 46/2387, time remaining: 11m 26s
Rendered 47/2387, time remaining: 11m 24s
Rendered 47/2387, time remaining: 11m 24s
Rendered 48/2387, time remaining: 11m 36s
Rendered 49/2387, time remaining: 11m 33s
Rendered 49/2387, time remaining: 11m 33s
Rendered 50/2387, time remaining: 11m 28s
Rendered 51/2387, time remaining: 11m 22s
Rendered 52/2387, time remaining: 11m 20s
Rendered 52/2387, time remaining: 11m 20s
Rendered 53/2387, time remaining: 11m 15s
Rendered 54/2387, time remaining: 11m 12s
Rendered 54/2387, time remaining: 11m 12s
Rendered 55/2387, time remaining: 11m 9s
Rendered 56/2387, time remaining: 11m 6s
Rendered 56/2387, time remaining: 11m 6s
Rendered 57/2387, time remaining: 11m 3s
Rendered 58/2387, time remaining: 10m 58s
Rendered 59/2387, time remaining: 10m 55s
Rendered 59/2387, time remaining: 10m 55s
Rendered 60/2387, time remaining: 10m 51s
Rendered 61/2387, time remaining: 10m 51s
Rendered 61/2387, time remaining: 10m 51s
Rendered 62/2387, time remaining: 10m 45s
Rendered 63/2387, time remaining: 10m 44s
Rendered 64/2387, time remaining: 10m 41s
Rendered 64/2387, time remaining: 10m 41s
Rendered 65/2387, time remaining: 10m 38s
Rendered 66/2387, time remaining: 10m 34s
Rendered 66/2387, time remaining: 10m 34s
Rendered 67/2387, time remaining: 10m 32s
Rendered 67/2387, time remaining: 10m 32s
Rendered 68/2387, time remaining: 10m 37s
Rendered 69/2387, time remaining: 10m 30s
Rendered 70/2387, time remaining: 10m 30s
Rendered 70/2387, time remaining: 10m 30s
Rendered 71/2387, time remaining: 10m 27s
Rendered 72/2387, time remaining: 10m 25s
Rendered 72/2387, time remaining: 10m 25s
Rendered 73/2387, time remaining: 10m 34s
Rendered 74/2387, time remaining: 10m 25s
Rendered 74/2387, time remaining: 10m 25s
Rendered 75/2387, time remaining: 10m 29s
Rendered 76/2387, time remaining: 10m 20s
Rendered 76/2387, time remaining: 10m 20s
Rendered 77/2387, time remaining: 10m 26s
Rendered 78/2387, time remaining: 10m 18s
Rendered 78/2387, time remaining: 10m 18s
Rendered 79/2387, time remaining: 10m 23s
Rendered 80/2387, time remaining: 10m 15s
Rendered 80/2387, time remaining: 10m 15s
Rendered 81/2387, time remaining: 10m 21s
Rendered 82/2387, time remaining: 10m 19s
Rendered 82/2387, time remaining: 10m 19s
Rendered 83/2387, time remaining: 10m 17s
Rendered 84/2387, time remaining: 10m 15s
Rendered 84/2387, time remaining: 10m 15s
Rendered 85/2387, time remaining: 10m 16s
Rendered 86/2387, time remaining: 10m 10s
Rendered 87/2387, time remaining: 10m 8s
Rendered 87/2387, time remaining: 10m 8s
Rendered 88/2387, time remaining: 10m 7s
Rendered 89/2387, time remaining: 10m 7s
Rendered 90/2387, time remaining: 10m 0s
Rendered 90/2387, time remaining: 10m 0s
Rendered 91/2387, time remaining: 10m 3s
Rendered 92/2387, time remaining: 9m 56s
Rendered 92/2387, time remaining: 9m 56s
Rendered 93/2387, time remaining: 10m 0s
Rendered 94/2387, time remaining: 9m 58s
Rendered 94/2387, time remaining: 9m 58s
Rendered 95/2387, time remaining: 9m 57s
Rendered 96/2387, time remaining: 9m 56s
Rendered 96/2387, time remaining: 9m 56s
Rendered 97/2387, time remaining: 9m 55s
Rendered 98/2387, time remaining: 9m 52s
Rendered 99/2387, time remaining: 9m 51s
Rendered 99/2387, time remaining: 9m 51s
Rendered 100/2387, time remaining: 9m 51s
Rendered 101/2387, time remaining: 9m 51s
Rendered 101/2387, time remaining: 9m 51s
Rendered 102/2387, time remaining: 9m 49s
Rendered 103/2387, time remaining: 9m 47s
Rendered 103/2387, time remaining: 9m 47s
Rendered 104/2387, time remaining: 9m 46s
Rendered 105/2387, time remaining: 9m 44s
Rendered 106/2387, time remaining: 9m 43s
Rendered 106/2387, time remaining: 9m 43s
Rendered 107/2387, time remaining: 9m 43s
Rendered 108/2387, time remaining: 9m 43s
Rendered 108/2387, time remaining: 9m 43s
Rendered 109/2387, time remaining: 9m 41s
Rendered 110/2387, time remaining: 9m 41s
Rendered 110/2387, time remaining: 9m 41s
Rendered 111/2387, time remaining: 9m 39s
Rendered 112/2387, time remaining: 9m 41s
Rendered 112/2387, time remaining: 9m 41s
Rendered 113/2387, time remaining: 9m 41s
Rendered 113/2387, time remaining: 9m 41s
Rendered 114/2387, time remaining: 9m 43s
Rendered 115/2387, time remaining: 9m 38s
Rendered 115/2387, time remaining: 9m 38s
Rendered 116/2387, time remaining: 9m 41s
Rendered 117/2387, time remaining: 9m 36s
Rendered 118/2387, time remaining: 9m 39s
Rendered 118/2387, time remaining: 9m 39s
Rendered 119/2387, time remaining: 9m 38s
Rendered 120/2387, time remaining: 9m 37s
Rendered 120/2387, time remaining: 9m 37s
Rendered 121/2387, time remaining: 9m 36s
Rendered 122/2387, time remaining: 9m 35s
Rendered 122/2387, time remaining: 9m 35s
Rendered 123/2387, time remaining: 9m 35s
Rendered 124/2387, time remaining: 9m 33s
Rendered 125/2387, time remaining: 9m 32s
Rendered 125/2387, time remaining: 9m 32s
Rendered 126/2387, time remaining: 9m 31s
Rendered 127/2387, time remaining: 9m 32s
Rendered 127/2387, time remaining: 9m 32s
Rendered 128/2387, time remaining: 9m 31s
Rendered 129/2387, time remaining: 9m 29s
Rendered 129/2387, time remaining: 9m 29s
Rendered 130/2387, time remaining: 9m 28s
Rendered 131/2387, time remaining: 9m 27s
Rendered 131/2387, time remaining: 9m 27s
Rendered 132/2387, time remaining: 9m 28s
Rendered 133/2387, time remaining: 9m 26s
Rendered 133/2387, time remaining: 9m 26s
Rendered 134/2387, time remaining: 9m 27s
Rendered 135/2387, time remaining: 9m 26s
Rendered 135/2387, time remaining: 9m 26s
Rendered 135/2387, time remaining: 9m 26s
Rendered 136/2387, time remaining: 9m 35s
Rendered 137/2387, time remaining: 9m 33s
Rendered 138/2387, time remaining: 9m 30s
Rendered 138/2387, time remaining: 9m 30s
Rendered 139/2387, time remaining: 9m 30s
Rendered 140/2387, time remaining: 9m 27s
Rendered 141/2387, time remaining: 9m 26s
Rendered 141/2387, time remaining: 9m 26s
Rendered 142/2387, time remaining: 9m 25s
Rendered 143/2387, time remaining: 9m 24s
Rendered 144/2387, time remaining: 9m 23s
Rendered 144/2387, time remaining: 9m 23s
Rendered 145/2387, time remaining: 9m 23s
Rendered 146/2387, time remaining: 9m 22s
Rendered 146/2387, time remaining: 9m 22s
Rendered 147/2387, time remaining: 9m 21s
Rendered 148/2387, time remaining: 9m 20s
Rendered 148/2387, time remaining: 9m 20s
Rendered 149/2387, time remaining: 9m 19s
Rendered 150/2387, time remaining: 9m 18s
Rendered 150/2387, time remaining: 9m 18s
Rendered 151/2387, time remaining: 9m 2s
Rendered 152/2387, time remaining: 9m 4s
Rendered 153/2387, time remaining: 8m 58s
Rendered 153/2387, time remaining: 8m 58s
Rendered 154/2387, time remaining: 9m 1s
Rendered 155/2387, time remaining: 8m 55s
Rendered 155/2387, time remaining: 8m 55s
Rendered 156/2387, time remaining: 8m 53s
Rendered 157/2387, time remaining: 8m 52s
Rendered 157/2387, time remaining: 8m 52s
Rendered 158/2387, time remaining: 8m 54s
Rendered 159/2387, time remaining: 8m 53s
Rendered 160/2387, time remaining: 8m 53s
Rendered 160/2387, time remaining: 8m 53s
Rendered 161/2387, time remaining: 8m 54s
Rendered 162/2387, time remaining: 8m 52s
Rendered 162/2387, time remaining: 8m 52s
Rendered 163/2387, time remaining: 8m 52s
Rendered 164/2387, time remaining: 8m 50s
Rendered 164/2387, time remaining: 8m 50s
Rendered 165/2387, time remaining: 8m 53s
Rendered 166/2387, time remaining: 8m 49s
Rendered 167/2387, time remaining: 8m 43s
Rendered 167/2387, time remaining: 8m 43s
Rendered 168/2387, time remaining: 8m 42s
Rendered 169/2387, time remaining: 8m 40s
Rendered 169/2387, time remaining: 8m 40s
Rendered 170/2387, time remaining: 8m 43s
Rendered 171/2387, time remaining: 8m 40s
Rendered 171/2387, time remaining: 8m 40s
Rendered 172/2387, time remaining: 8m 43s
Rendered 173/2387, time remaining: 8m 40s
Rendered 174/2387, time remaining: 8m 43s
Rendered 174/2387, time remaining: 8m 43s
Rendered 175/2387, time remaining: 8m 39s
Rendered 176/2387, time remaining: 8m 39s
Rendered 176/2387, time remaining: 8m 39s
Rendered 177/2387, time remaining: 8m 38s
Rendered 178/2387, time remaining: 8m 37s
Rendered 178/2387, time remaining: 8m 37s
Rendered 179/2387, time remaining: 8m 24s
Rendered 180/2387, time remaining: 8m 27s
Rendered 181/2387, time remaining: 8m 24s
Rendered 181/2387, time remaining: 8m 24s
Rendered 182/2387, time remaining: 8m 24s
Rendered 183/2387, time remaining: 8m 24s
Rendered 183/2387, time remaining: 8m 24s
Rendered 184/2387, time remaining: 8m 21s
Rendered 185/2387, time remaining: 8m 18s
Rendered 185/2387, time remaining: 8m 18s
Rendered 186/2387, time remaining: 8m 16s
Rendered 187/2387, time remaining: 8m 17s
Rendered 188/2387, time remaining: 8m 18s
Rendered 189/2387, time remaining: 8m 14s
Rendered 189/2387, time remaining: 8m 14s
Rendered 190/2387, time remaining: 8m 16s
Rendered 191/2387, time remaining: 8m 13s
Rendered 191/2387, time remaining: 8m 13s
Rendered 192/2387, time remaining: 8m 15s
Rendered 193/2387, time remaining: 8m 11s
Rendered 193/2387, time remaining: 8m 11s
Rendered 194/2387, time remaining: 8m 15s
Rendered 195/2387, time remaining: 8m 8s
Rendered 195/2387, time remaining: 8m 8s
Rendered 196/2387, time remaining: 8m 14s
Rendered 197/2387, time remaining: 8m 10s
Rendered 197/2387, time remaining: 8m 10s
Rendered 198/2387, time remaining: 8m 8s
Rendered 199/2387, time remaining: 8m 4s
Rendered 200/2387, time remaining: 8m 8s
Rendered 201/2387, time remaining: 8m 5s
Rendered 201/2387, time remaining: 8m 5s
Rendered 202/2387, time remaining: 8m 7s
Rendered 203/2387, time remaining: 8m 4s
Rendered 203/2387, time remaining: 8m 4s
Rendered 204/2387, time remaining: 8m 7s
Rendered 205/2387, time remaining: 8m 4s
Rendered 205/2387, time remaining: 8m 4s
Rendered 206/2387, time remaining: 8m 6s
Rendered 207/2387, time remaining: 8m 3s
Rendered 207/2387, time remaining: 8m 3s
Rendered 207/2387, time remaining: 8m 3s
Rendered 208/2387, time remaining: 8m 13s
Rendered 209/2387, time remaining: 8m 9s
Rendered 209/2387, time remaining: 8m 9s
Rendered 210/2387, time remaining: 8m 12s
Rendered 211/2387, time remaining: 8m 8s
Rendered 212/2387, time remaining: 8m 12s
Rendered 213/2387, time remaining: 8m 8s
Rendered 213/2387, time remaining: 8m 8s
Rendered 214/2387, time remaining: 8m 12s
Rendered 215/2387, time remaining: 8m 9s
Rendered 215/2387, time remaining: 8m 9s
Rendered 216/2387, time remaining: 8m 12s
Rendered 217/2387, time remaining: 8m 8s
Rendered 217/2387, time remaining: 8m 8s
Rendered 218/2387, time remaining: 8m 8s
Rendered 219/2387, time remaining: 8m 7s
Rendered 219/2387, time remaining: 8m 7s
Rendered 220/2387, time remaining: 8m 8s
Rendered 221/2387, time remaining: 8m 5s
Rendered 221/2387, time remaining: 8m 5s
Rendered 222/2387, time remaining: 8m 8s
Rendered 223/2387, time remaining: 8m 0s
Rendered 223/2387, time remaining: 8m 0s
Rendered 224/2387, time remaining: 8m 5s
Rendered 225/2387, time remaining: 8m 0s
Rendered 226/2387, time remaining: 8m 6s
Rendered 227/2387, time remaining: 7m 59s
Rendered 227/2387, time remaining: 7m 59s
Rendered 228/2387, time remaining: 8m 5s
Rendered 229/2387, time remaining: 7m 58s
Rendered 229/2387, time remaining: 7m 58s
Rendered 230/2387, time remaining: 8m 5s
Rendered 231/2387, time remaining: 7m 58s
Rendered 231/2387, time remaining: 7m 58s
Rendered 232/2387, time remaining: 8m 1s
Rendered 233/2387, time remaining: 7m 58s
Rendered 233/2387, time remaining: 7m 58s
Rendered 234/2387, time remaining: 8m 3s
Rendered 235/2387, time remaining: 7m 59s
Rendered 235/2387, time remaining: 7m 59s
Rendered 236/2387, time remaining: 8m 1s
Rendered 237/2387, time remaining: 8m 2s
Rendered 237/2387, time remaining: 8m 2s
Rendered 238/2387, time remaining: 8m 1s
Rendered 239/2387, time remaining: 7m 59s
Rendered 239/2387, time remaining: 7m 59s
Rendered 240/2387, time remaining: 8m 2s
Rendered 241/2387, time remaining: 8m 0s
Rendered 242/2387, time remaining: 8m 2s
Rendered 242/2387, time remaining: 8m 2s
Rendered 243/2387, time remaining: 7m 59s
Rendered 244/2387, time remaining: 7m 59s
Rendered 244/2387, time remaining: 7m 59s
Rendered 245/2387, time remaining: 7m 58s
Rendered 246/2387, time remaining: 7m 58s
Rendered 247/2387, time remaining: 7m 55s
Rendered 247/2387, time remaining: 7m 55s
Rendered 248/2387, time remaining: 7m 58s
Rendered 249/2387, time remaining: 7m 55s
Rendered 249/2387, time remaining: 7m 55s
Rendered 250/2387, time remaining: 7m 57s
Rendered 251/2387, time remaining: 7m 53s
Rendered 251/2387, time remaining: 7m 53s
Rendered 252/2387, time remaining: 7m 56s
Rendered 253/2387, time remaining: 7m 53s
Rendered 253/2387, time remaining: 7m 53s
Rendered 254/2387, time remaining: 7m 58s
Rendered 255/2387, time remaining: 7m 57s
Rendered 256/2387, time remaining: 7m 57s
Rendered 256/2387, time remaining: 7m 57s
Rendered 257/2387, time remaining: 7m 56s
Rendered 258/2387, time remaining: 7m 54s
Rendered 258/2387, time remaining: 7m 54s
Rendered 259/2387, time remaining: 7m 57s
Rendered 259/2387, time remaining: 7m 57s
Rendered 260/2387, time remaining: 8m 0s
Rendered 261/2387, time remaining: 8m 0s
Rendered 261/2387, time remaining: 8m 0s
Rendered 262/2387, time remaining: 7m 58s
Rendered 263/2387, time remaining: 7m 58s
Rendered 264/2387, time remaining: 7m 52s
Rendered 264/2387, time remaining: 7m 52s
Rendered 265/2387, time remaining: 7m 59s
Rendered 266/2387, time remaining: 7m 52s
Rendered 266/2387, time remaining: 7m 52s
Rendered 267/2387, time remaining: 7m 58s
Rendered 268/2387, time remaining: 7m 51s
Rendered 268/2387, time remaining: 7m 51s
Rendered 269/2387, time remaining: 7m 54s
Rendered 270/2387, time remaining: 7m 51s
Rendered 270/2387, time remaining: 7m 51s
Rendered 271/2387, time remaining: 7m 54s
Rendered 272/2387, time remaining: 7m 51s
Rendered 272/2387, time remaining: 7m 51s
Rendered 273/2387, time remaining: 7m 53s
Rendered 274/2387, time remaining: 7m 50s
Rendered 274/2387, time remaining: 7m 50s
Rendered 275/2387, time remaining: 7m 53s
Rendered 276/2387, time remaining: 7m 49s
Rendered 277/2387, time remaining: 7m 51s
Rendered 278/2387, time remaining: 7m 48s
Rendered 278/2387, time remaining: 7m 48s
Rendered 279/2387, time remaining: 7m 51s
Rendered 280/2387, time remaining: 7m 48s
Rendered 280/2387, time remaining: 7m 48s
Rendered 281/2387, time remaining: 7m 51s
Rendered 282/2387, time remaining: 7m 47s
Rendered 282/2387, time remaining: 7m 47s
Rendered 283/2387, time remaining: 7m 51s
Rendered 284/2387, time remaining: 7m 46s
Rendered 284/2387, time remaining: 7m 46s
Rendered 285/2387, time remaining: 7m 50s
Rendered 286/2387, time remaining: 7m 41s
Rendered 286/2387, time remaining: 7m 41s
Rendered 287/2387, time remaining: 7m 43s
Rendered 288/2387, time remaining: 7m 43s
Rendered 288/2387, time remaining: 7m 43s
Rendered 289/2387, time remaining: 7m 42s
Rendered 290/2387, time remaining: 7m 43s
Rendered 291/2387, time remaining: 7m 43s
Rendered 291/2387, time remaining: 7m 43s
Rendered 292/2387, time remaining: 7m 43s
Rendered 292/2387, time remaining: 7m 43s
Rendered 293/2387, time remaining: 7m 44s
Rendered 294/2387, time remaining: 7m 43s
Rendered 295/2387, time remaining: 7m 42s
Rendered 295/2387, time remaining: 7m 42s
Rendered 296/2387, time remaining: 7m 43s
Rendered 297/2387, time remaining: 7m 43s
Rendered 297/2387, time remaining: 7m 43s
Rendered 298/2387, time remaining: 7m 43s
Rendered 299/2387, time remaining: 7m 42s
Rendered 300/2387, time remaining: 7m 42s
Rendered 300/2387, time remaining: 7m 42s
Rendered 301/2387, time remaining: 7m 41s
Rendered 302/2387, time remaining: 7m 41s
Rendered 302/2387, time remaining: 7m 41s
Rendered 303/2387, time remaining: 7m 42s
Rendered 304/2387, time remaining: 7m 42s
Rendered 304/2387, time remaining: 7m 42s
Rendered 305/2387, time remaining: 7m 42s
Rendered 306/2387, time remaining: 7m 43s
Rendered 306/2387, time remaining: 7m 43s
Rendered 307/2387, time remaining: 7m 41s
Rendered 308/2387, time remaining: 7m 42s
Rendered 308/2387, time remaining: 7m 42s
Rendered 309/2387, time remaining: 7m 43s
Rendered 310/2387, time remaining: 7m 45s
Rendered 310/2387, time remaining: 7m 45s
Rendered 311/2387, time remaining: 7m 41s
Rendered 311/2387, time remaining: 7m 41s
Rendered 312/2387, time remaining: 7m 52s
Rendered 313/2387, time remaining: 7m 48s
Rendered 313/2387, time remaining: 7m 48s
Rendered 314/2387, time remaining: 7m 52s
Rendered 315/2387, time remaining: 7m 48s
Rendered 315/2387, time remaining: 7m 48s
Rendered 316/2387, time remaining: 7m 51s
Rendered 317/2387, time remaining: 7m 48s
Rendered 317/2387, time remaining: 7m 48s
Rendered 317/2387, time remaining: 7m 48s
Rendered 318/2387, time remaining: 7m 56s
Rendered 319/2387, time remaining: 7m 53s
Rendered 319/2387, time remaining: 7m 53s
Rendered 320/2387, time remaining: 7m 56s
Rendered 321/2387, time remaining: 7m 53s
Rendered 321/2387, time remaining: 7m 53s
Rendered 322/2387, time remaining: 7m 55s
Rendered 323/2387, time remaining: 7m 57s
Rendered 323/2387, time remaining: 7m 57s
Rendered 324/2387, time remaining: 7m 56s
Rendered 325/2387, time remaining: 7m 56s
Rendered 326/2387, time remaining: 7m 56s
Rendered 326/2387, time remaining: 7m 56s
Rendered 327/2387, time remaining: 7m 56s
Rendered 328/2387, time remaining: 7m 55s
Rendered 328/2387, time remaining: 7m 55s
Rendered 329/2387, time remaining: 7m 54s
Rendered 330/2387, time remaining: 7m 55s
Rendered 330/2387, time remaining: 7m 55s
Rendered 331/2387, time remaining: 7m 54s
Rendered 332/2387, time remaining: 7m 54s
Rendered 333/2387, time remaining: 7m 53s
Rendered 333/2387, time remaining: 7m 53s
Rendered 334/2387, time remaining: 7m 53s
Rendered 335/2387, time remaining: 7m 53s
Rendered 335/2387, time remaining: 7m 53s
Rendered 336/2387, time remaining: 7m 53s
Rendered 337/2387, time remaining: 7m 53s
Rendered 337/2387, time remaining: 7m 53s
Rendered 338/2387, time remaining: 7m 54s
Rendered 339/2387, time remaining: 7m 55s
Rendered 340/2387, time remaining: 7m 52s
Rendered 340/2387, time remaining: 7m 52s
Rendered 341/2387, time remaining: 7m 55s
Rendered 342/2387, time remaining: 7m 52s
Rendered 342/2387, time remaining: 7m 52s
Rendered 343/2387, time remaining: 7m 55s
Rendered 344/2387, time remaining: 7m 52s
Rendered 345/2387, time remaining: 7m 54s
Rendered 345/2387, time remaining: 7m 54s
Rendered 346/2387, time remaining: 7m 51s
Rendered 347/2387, time remaining: 7m 53s
Rendered 347/2387, time remaining: 7m 53s
Rendered 348/2387, time remaining: 7m 50s
Rendered 349/2387, time remaining: 7m 53s
Rendered 349/2387, time remaining: 7m 53s
Rendered 350/2387, time remaining: 7m 50s
Rendered 351/2387, time remaining: 7m 53s
Rendered 352/2387, time remaining: 7m 49s
Rendered 352/2387, time remaining: 7m 49s
Rendered 353/2387, time remaining: 7m 52s
Rendered 354/2387, time remaining: 7m 49s
Rendered 354/2387, time remaining: 7m 49s
Rendered 355/2387, time remaining: 7m 51s
Rendered 356/2387, time remaining: 7m 49s
Rendered 356/2387, time remaining: 7m 49s
Rendered 357/2387, time remaining: 7m 51s
Rendered 358/2387, time remaining: 7m 42s
Rendered 359/2387, time remaining: 7m 45s
Rendered 359/2387, time remaining: 7m 45s
Rendered 360/2387, time remaining: 7m 44s
Rendered 361/2387, time remaining: 7m 43s
Rendered 361/2387, time remaining: 7m 43s
Rendered 361/2387, time remaining: 7m 43s
Rendered 362/2387, time remaining: 7m 47s
Rendered 363/2387, time remaining: 7m 47s
Rendered 363/2387, time remaining: 7m 47s
Rendered 364/2387, time remaining: 7m 49s
Rendered 365/2387, time remaining: 7m 50s
Rendered 366/2387, time remaining: 7m 47s
Rendered 366/2387, time remaining: 7m 47s
Rendered 367/2387, time remaining: 7m 49s
Rendered 368/2387, time remaining: 7m 47s
Rendered 368/2387, time remaining: 7m 47s
Rendered 369/2387, time remaining: 7m 49s
Rendered 370/2387, time remaining: 7m 46s
Rendered 370/2387, time remaining: 7m 46s
Rendered 371/2387, time remaining: 7m 49s
Rendered 372/2387, time remaining: 7m 45s
Rendered 373/2387, time remaining: 7m 49s
Rendered 374/2387, time remaining: 7m 43s
Rendered 374/2387, time remaining: 7m 43s
Rendered 375/2387, time remaining: 7m 49s
Rendered 376/2387, time remaining: 7m 42s
Rendered 376/2387, time remaining: 7m 42s
Rendered 377/2387, time remaining: 7m 47s
Rendered 378/2387, time remaining: 7m 41s
Rendered 378/2387, time remaining: 7m 41s
Rendered 379/2387, time remaining: 7m 47s
Rendered 380/2387, time remaining: 7m 41s
Rendered 380/2387, time remaining: 7m 41s
Rendered 381/2387, time remaining: 7m 45s
Rendered 382/2387, time remaining: 7m 38s
Rendered 382/2387, time remaining: 7m 38s
Rendered 383/2387, time remaining: 7m 44s
Rendered 384/2387, time remaining: 7m 37s
Rendered 385/2387, time remaining: 7m 41s
Rendered 386/2387, time remaining: 7m 38s
Rendered 386/2387, time remaining: 7m 38s
Rendered 387/2387, time remaining: 7m 41s
Rendered 388/2387, time remaining: 7m 38s
Rendered 388/2387, time remaining: 7m 38s
Rendered 389/2387, time remaining: 7m 41s
Rendered 389/2387, time remaining: 7m 41s
Rendered 390/2387, time remaining: 7m 40s
Rendered 391/2387, time remaining: 7m 41s
Rendered 391/2387, time remaining: 7m 41s
Rendered 392/2387, time remaining: 7m 40s
Rendered 393/2387, time remaining: 7m 41s
Rendered 393/2387, time remaining: 7m 41s
Rendered 394/2387, time remaining: 7m 41s
Rendered 395/2387, time remaining: 7m 40s
Rendered 396/2387, time remaining: 7m 41s
Rendered 396/2387, time remaining: 7m 41s
Rendered 397/2387, time remaining: 7m 41s
Rendered 398/2387, time remaining: 7m 38s
Rendered 398/2387, time remaining: 7m 38s
Rendered 399/2387, time remaining: 7m 41s
Rendered 400/2387, time remaining: 7m 38s
Rendered 401/2387, time remaining: 7m 40s
Rendered 401/2387, time remaining: 7m 40s
Rendered 402/2387, time remaining: 7m 37s
Rendered 403/2387, time remaining: 7m 41s
Rendered 403/2387, time remaining: 7m 41s
Rendered 404/2387, time remaining: 7m 36s
Rendered 405/2387, time remaining: 7m 37s
Rendered 406/2387, time remaining: 7m 36s
Rendered 406/2387, time remaining: 7m 36s
Rendered 407/2387, time remaining: 7m 36s
Rendered 408/2387, time remaining: 7m 36s
Rendered 408/2387, time remaining: 7m 36s
Rendered 409/2387, time remaining: 7m 33s
Rendered 410/2387, time remaining: 7m 30s
Rendered 410/2387, time remaining: 7m 30s
Rendered 411/2387, time remaining: 7m 30s
Rendered 412/2387, time remaining: 7m 30s
Rendered 413/2387, time remaining: 7m 27s
Rendered 413/2387, time remaining: 7m 27s
Rendered 414/2387, time remaining: 7m 31s
Rendered 415/2387, time remaining: 7m 25s
Rendered 415/2387, time remaining: 7m 25s
Rendered 416/2387, time remaining: 7m 30s
Rendered 417/2387, time remaining: 7m 25s
Rendered 417/2387, time remaining: 7m 25s
Rendered 418/2387, time remaining: 7m 32s
Rendered 419/2387, time remaining: 7m 26s
Rendered 419/2387, time remaining: 7m 26s
Rendered 420/2387, time remaining: 7m 30s
Rendered 421/2387, time remaining: 7m 24s
Rendered 422/2387, time remaining: 7m 29s
Rendered 423/2387, time remaining: 7m 24s
Rendered 423/2387, time remaining: 7m 24s
Rendered 423/2387, time remaining: 7m 24s
Rendered 424/2387, time remaining: 7m 32s
Rendered 425/2387, time remaining: 7m 26s
Rendered 425/2387, time remaining: 7m 26s
Rendered 426/2387, time remaining: 7m 36s
Rendered 427/2387, time remaining: 7m 30s
Rendered 427/2387, time remaining: 7m 30s
Rendered 428/2387, time remaining: 7m 38s
Rendered 428/2387, time remaining: 7m 38s
Rendered 429/2387, time remaining: 7m 35s
Rendered 429/2387, time remaining: 7m 35s
Rendered 430/2387, time remaining: 7m 40s
Rendered 431/2387, time remaining: 7m 34s
Rendered 431/2387, time remaining: 7m 34s
Rendered 432/2387, time remaining: 7m 41s
Rendered 433/2387, time remaining: 7m 37s
Rendered 433/2387, time remaining: 7m 37s
Rendered 434/2387, time remaining: 7m 42s
Rendered 435/2387, time remaining: 7m 38s
Rendered 435/2387, time remaining: 7m 38s
Rendered 436/2387, time remaining: 7m 43s
Rendered 436/2387, time remaining: 7m 43s
Rendered 437/2387, time remaining: 7m 40s
Rendered 438/2387, time remaining: 7m 42s
Rendered 438/2387, time remaining: 7m 42s
Rendered 438/2387, time remaining: 7m 42s
Rendered 439/2387, time remaining: 7m 52s
Rendered 440/2387, time remaining: 7m 49s
Rendered 440/2387, time remaining: 7m 49s
Rendered 441/2387, time remaining: 7m 54s
Rendered 441/2387, time remaining: 7m 54s
Rendered 442/2387, time remaining: 7m 53s
Rendered 443/2387, time remaining: 7m 52s
Rendered 443/2387, time remaining: 7m 52s
Rendered 444/2387, time remaining: 7m 54s
Rendered 445/2387, time remaining: 7m 53s
Rendered 445/2387, time remaining: 7m 53s
Rendered 446/2387, time remaining: 7m 53s
Rendered 447/2387, time remaining: 7m 52s
Rendered 447/2387, time remaining: 7m 52s
Rendered 448/2387, time remaining: 7m 53s
Rendered 449/2387, time remaining: 7m 53s
Rendered 449/2387, time remaining: 7m 53s
Rendered 450/2387, time remaining: 7m 58s
Rendered 451/2387, time remaining: 7m 54s
Rendered 451/2387, time remaining: 7m 54s
Rendered 452/2387, time remaining: 7m 57s
Rendered 453/2387, time remaining: 7m 53s
Rendered 453/2387, time remaining: 7m 53s
Rendered 454/2387, time remaining: 7m 56s
Rendered 455/2387, time remaining: 7m 52s
Rendered 455/2387, time remaining: 7m 52s
Rendered 456/2387, time remaining: 7m 54s
Rendered 457/2387, time remaining: 7m 52s
Rendered 457/2387, time remaining: 7m 52s
Rendered 458/2387, time remaining: 7m 53s
Rendered 459/2387, time remaining: 7m 50s
Rendered 459/2387, time remaining: 7m 50s
Rendered 460/2387, time remaining: 7m 50s
Rendered 461/2387, time remaining: 7m 49s
Rendered 462/2387, time remaining: 7m 43s
Rendered 463/2387, time remaining: 7m 43s
Rendered 463/2387, time remaining: 7m 43s
Rendered 464/2387, time remaining: 7m 42s
Rendered 464/2387, time remaining: 7m 42s
Rendered 465/2387, time remaining: 7m 45s
Rendered 466/2387, time remaining: 7m 42s
Rendered 466/2387, time remaining: 7m 42s
Rendered 467/2387, time remaining: 7m 45s
Rendered 468/2387, time remaining: 7m 36s
Rendered 469/2387, time remaining: 7m 38s
Rendered 469/2387, time remaining: 7m 38s
Rendered 470/2387, time remaining: 7m 35s
Rendered 471/2387, time remaining: 7m 38s
Rendered 472/2387, time remaining: 7m 32s
Rendered 472/2387, time remaining: 7m 32s
Rendered 473/2387, time remaining: 7m 33s
Rendered 474/2387, time remaining: 7m 31s
Rendered 474/2387, time remaining: 7m 31s
Rendered 475/2387, time remaining: 7m 33s
Rendered 476/2387, time remaining: 7m 30s
Rendered 476/2387, time remaining: 7m 30s
Rendered 477/2387, time remaining: 7m 32s
Rendered 478/2387, time remaining: 7m 30s
Rendered 478/2387, time remaining: 7m 30s
Rendered 479/2387, time remaining: 7m 33s
Rendered 480/2387, time remaining: 7m 30s
Rendered 480/2387, time remaining: 7m 30s
Rendered 481/2387, time remaining: 7m 32s
Rendered 482/2387, time remaining: 7m 30s
Rendered 482/2387, time remaining: 7m 30s
Rendered 483/2387, time remaining: 7m 33s
Rendered 484/2387, time remaining: 7m 30s
Rendered 485/2387, time remaining: 7m 32s
Rendered 485/2387, time remaining: 7m 32s
Rendered 486/2387, time remaining: 7m 32s
Rendered 487/2387, time remaining: 7m 31s
Rendered 487/2387, time remaining: 7m 31s
Rendered 488/2387, time remaining: 7m 30s
Rendered 489/2387, time remaining: 7m 30s
Rendered 489/2387, time remaining: 7m 30s
Rendered 490/2387, time remaining: 7m 30s
Rendered 491/2387, time remaining: 7m 30s
Rendered 492/2387, time remaining: 7m 30s
Rendered 492/2387, time remaining: 7m 30s
Rendered 493/2387, time remaining: 7m 30s
Rendered 494/2387, time remaining: 7m 30s
Rendered 494/2387, time remaining: 7m 30s
Rendered 495/2387, time remaining: 7m 30s
Rendered 496/2387, time remaining: 7m 30s
Rendered 496/2387, time remaining: 7m 30s
Rendered 497/2387, time remaining: 7m 30s
Rendered 498/2387, time remaining: 7m 30s
Rendered 498/2387, time remaining: 7m 30s
Rendered 499/2387, time remaining: 7m 30s
Rendered 500/2387, time remaining: 7m 29s
Rendered 501/2387, time remaining: 7m 29s
Rendered 501/2387, time remaining: 7m 29s
Rendered 502/2387, time remaining: 7m 29s
Rendered 503/2387, time remaining: 7m 29s
Rendered 503/2387, time remaining: 7m 29s
Rendered 504/2387, time remaining: 7m 28s
Rendered 504/2387, time remaining: 7m 28s
Rendered 505/2387, time remaining: 7m 33s
Rendered 506/2387, time remaining: 7m 30s
Rendered 506/2387, time remaining: 7m 30s
Rendered 507/2387, time remaining: 7m 32s
Rendered 508/2387, time remaining: 7m 30s
Rendered 508/2387, time remaining: 7m 30s
Rendered 509/2387, time remaining: 7m 32s
Rendered 510/2387, time remaining: 7m 28s
Rendered 510/2387, time remaining: 7m 28s
Rendered 511/2387, time remaining: 7m 33s
Rendered 512/2387, time remaining: 7m 24s
Rendered 513/2387, time remaining: 7m 29s
Rendered 514/2387, time remaining: 7m 21s
Rendered 514/2387, time remaining: 7m 21s
Rendered 515/2387, time remaining: 7m 25s
Rendered 516/2387, time remaining: 7m 22s
Rendered 516/2387, time remaining: 7m 22s
Rendered 517/2387, time remaining: 7m 24s
Rendered 518/2387, time remaining: 7m 22s
Rendered 518/2387, time remaining: 7m 22s
Rendered 519/2387, time remaining: 7m 25s
Rendered 520/2387, time remaining: 7m 22s
Rendered 520/2387, time remaining: 7m 22s
Rendered 521/2387, time remaining: 7m 24s
Rendered 522/2387, time remaining: 7m 21s
Rendered 522/2387, time remaining: 7m 21s
Rendered 523/2387, time remaining: 7m 24s
Rendered 524/2387, time remaining: 7m 24s
Rendered 524/2387, time remaining: 7m 24s
Rendered 525/2387, time remaining: 7m 23s
Rendered 526/2387, time remaining: 7m 26s
Rendered 527/2387, time remaining: 7m 23s
Rendered 527/2387, time remaining: 7m 23s
Rendered 527/2387, time remaining: 7m 23s
Rendered 528/2387, time remaining: 7m 31s
Rendered 529/2387, time remaining: 7m 25s
Rendered 529/2387, time remaining: 7m 25s
Rendered 530/2387, time remaining: 7m 31s
Rendered 531/2387, time remaining: 7m 27s
Rendered 531/2387, time remaining: 7m 27s
Rendered 532/2387, time remaining: 7m 31s
Rendered 533/2387, time remaining: 7m 28s
Rendered 534/2387, time remaining: 7m 30s
Rendered 534/2387, time remaining: 7m 30s
Rendered 535/2387, time remaining: 7m 28s
Rendered 536/2387, time remaining: 7m 30s
Rendered 536/2387, time remaining: 7m 30s
Rendered 537/2387, time remaining: 7m 28s
Rendered 538/2387, time remaining: 7m 29s
Rendered 538/2387, time remaining: 7m 29s
Rendered 539/2387, time remaining: 7m 26s
Rendered 540/2387, time remaining: 7m 26s
Rendered 541/2387, time remaining: 7m 24s
Rendered 541/2387, time remaining: 7m 24s
Rendered 542/2387, time remaining: 7m 25s
Rendered 543/2387, time remaining: 7m 24s
Rendered 543/2387, time remaining: 7m 24s
Rendered 544/2387, time remaining: 7m 24s
Rendered 545/2387, time remaining: 7m 24s
Rendered 545/2387, time remaining: 7m 24s
Rendered 546/2387, time remaining: 7m 23s
Rendered 547/2387, time remaining: 7m 24s
Rendered 548/2387, time remaining: 7m 24s
Rendered 548/2387, time remaining: 7m 24s
Rendered 549/2387, time remaining: 7m 23s
Rendered 550/2387, time remaining: 7m 24s
Rendered 550/2387, time remaining: 7m 24s
Rendered 551/2387, time remaining: 7m 23s
Rendered 552/2387, time remaining: 7m 23s
Rendered 552/2387, time remaining: 7m 23s
Rendered 552/2387, time remaining: 7m 23s
Rendered 553/2387, time remaining: 7m 33s
Rendered 554/2387, time remaining: 7m 30s
Rendered 554/2387, time remaining: 7m 30s
Rendered 555/2387, time remaining: 7m 32s
Rendered 556/2387, time remaining: 7m 29s
Rendered 556/2387, time remaining: 7m 29s
Rendered 557/2387, time remaining: 7m 32s
Rendered 558/2387, time remaining: 7m 29s
Rendered 558/2387, time remaining: 7m 29s
Rendered 559/2387, time remaining: 7m 31s
Rendered 560/2387, time remaining: 7m 28s
Rendered 560/2387, time remaining: 7m 28s
Rendered 561/2387, time remaining: 7m 32s
Rendered 562/2387, time remaining: 7m 28s
Rendered 562/2387, time remaining: 7m 28s
Rendered 563/2387, time remaining: 7m 33s
Rendered 564/2387, time remaining: 7m 28s
Rendered 565/2387, time remaining: 7m 33s
Rendered 566/2387, time remaining: 7m 27s
Rendered 566/2387, time remaining: 7m 27s
Rendered 567/2387, time remaining: 7m 32s
Rendered 568/2387, time remaining: 7m 25s
Rendered 568/2387, time remaining: 7m 25s
Rendered 569/2387, time remaining: 7m 30s
Rendered 569/2387, time remaining: 7m 30s
Rendered 570/2387, time remaining: 7m 30s
Rendered 571/2387, time remaining: 7m 31s
Rendered 572/2387, time remaining: 7m 29s
Rendered 572/2387, time remaining: 7m 29s
Rendered 573/2387, time remaining: 7m 31s
Rendered 574/2387, time remaining: 7m 26s
Rendered 574/2387, time remaining: 7m 26s
Rendered 575/2387, time remaining: 7m 29s
Rendered 576/2387, time remaining: 7m 22s
Rendered 576/2387, time remaining: 7m 22s
Rendered 577/2387, time remaining: 7m 24s
Rendered 578/2387, time remaining: 7m 19s
Rendered 578/2387, time remaining: 7m 19s
Rendered 579/2387, time remaining: 7m 19s
Rendered 580/2387, time remaining: 7m 16s
Rendered 580/2387, time remaining: 7m 16s
Rendered 581/2387, time remaining: 7m 21s
Rendered 582/2387, time remaining: 7m 17s
Rendered 583/2387, time remaining: 7m 16s
Rendered 583/2387, time remaining: 7m 16s
Rendered 584/2387, time remaining: 7m 13s
Rendered 585/2387, time remaining: 7m 14s
Rendered 585/2387, time remaining: 7m 14s
Rendered 586/2387, time remaining: 7m 9s
Rendered 587/2387, time remaining: 7m 9s
Rendered 587/2387, time remaining: 7m 9s
Rendered 588/2387, time remaining: 7m 9s
Rendered 589/2387, time remaining: 7m 1s
Rendered 589/2387, time remaining: 7m 1s
Rendered 590/2387, time remaining: 7m 3s
Rendered 590/2387, time remaining: 7m 3s
Rendered 591/2387, time remaining: 7m 1s
Rendered 591/2387, time remaining: 7m 1s
Rendered 592/2387, time remaining: 7m 6s
